// Jest Snapshot v1, https://goo.gl/fbAQLP

exports[`App App should match snap shot 1`] = `
<div
  className="App"
>
  <Header />
  <Switch>
    <ConnectFunction
      exact={true}
      path="/"
    />
    <Route
      exact={true}
      path="/truck/:id"
      render={[Function]}
    />
  </Switch>
</div>
`;
