// Jest Snapshot v1, https://goo.gl/fbAQLP

exports[`Loading should match snap shot 1`] = `
<div>
  <h1>
    loading
  </h1>
</div>
`;
